Name,Lines,Commits,Files
Rob Pike,12,3,3
Brad Fitzpatrick,1,1,1
