{"name":"Joe Tsai","lines":13818,"commits":94,"files":54}
{"name":"colinnewell","lines":130,"commits":1,"files":1}
{"name":"A. Ishikawa","lines":92,"commits":1,"files":2}
{"name":"Roger Peppe","lines":59,"commits":1,"files":2}
{"name":"Tobias Klauser","lines":35,"commits":2,"files":3}
{"name":"178inaba","lines":27,"commits":2,"files":5}
{"name":"Kyle Lemons","lines":11,"commits":1,"files":1}
{"name":"Dmitri Shuralyov","lines":8,"commits":1,"files":2}
{"name":"ferhat elmas","lines":7,"commits":1,"files":4}
{"name":"Christian Muehlhaeuser","lines":6,"commits":3,"files":4}
{"name":"k.nakada","lines":5,"commits":1,"files":3}
{"name":"LMMilewski","lines":5,"commits":1,"files":2}
{"name":"Ernest Galbrun","lines":3,"commits":1,"files":1}
{"name":"Ross Light","lines":2,"commits":1,"files":1}
{"name":"Chris Morrow","lines":1,"commits":1,"files":1}
{"name":"Fiisio","lines":1,"commits":1,"files":1}
