Name,Lines,Commits,Files
Rob Pike,7,2,2
Brad Fitzpatrick,1,1,1
