Name,Lines,Commits,Files
GitHub,11199,100,55
Joe Tsai,3009,12,29
Ross Light,2,1,1
