Name,Lines,Commits,Files
My	name	is	Tabby,7,2,2
Brad Fitzpatrick,4,1,1
"0123456789abcdefghijklmnopqrstuvwxyzABCDEFGHIJKLMNOPQRSTUV	WXYZ!""#$%&'()*+,-./:;=?@[\]^_`{|}~",0,1,1
