Name,Lines,Commits,Files
Rob Pike,7,2,2
Randall77,5,1,1
Brad Fitzpatrick,1,1,1
