Name,Lines,Commits,Files
Joe Tsai,13818,94,54
Christian Muehlhaeuser,6,3,4
Tobias Klauser,35,2,3
178inaba,27,2,5
colinnewell,130,1,1
A. Ishikawa,92,1,2
Roger Peppe,59,1,2
Kyle Lemons,11,1,1
Dmitri Shuralyov,8,1,2
ferhat elmas,7,1,4
k.nakada,5,1,3
LMMilewski,5,1,2
Ernest Galbrun,3,1,1
Ross Light,2,1,1
Chris Morrow,1,1,1
Fiisio,1,1,1
