Name,Lines,Commits,Files
Joe Tsai,10087,90,46
A. Ishikawa,36,1,1
178inaba,11,2,4
Kyle Lemons,11,1,1
Christian Muehlhaeuser,4,3,3
Ernest Galbrun,3,1,1
ferhat elmas,2,1,2
Dmitri Shuralyov,2,1,1
Ross Light,2,1,1
Tobias Klauser,2,1,1
Chris Morrow,1,1,1
Fiisio,1,1,1
LMMilewski,1,1,1
