Name,Lines,Commits,Files
Joe Tsai,92,4,3
Ross Light,2,1,1
Tobias Klauser,2,1,1
ferhat elmas,1,1,1
