Name,Lines,Commits,Files
Joe Tsai,3731,29,8
colinnewell,130,1,1
Roger Peppe,59,1,2
A. Ishikawa,56,1,1
Tobias Klauser,33,1,2
178inaba,16,1,1
Dmitri Shuralyov,6,1,1
k.nakada,5,1,3
ferhat elmas,5,1,2
LMMilewski,4,1,1
Christian Muehlhaeuser,2,1,1
